
===================================================
TIMESTAMP: 2026-07-31 15:41:03.734647
TO: leader@hacktrack.com
SUBJECT: HackTrack - Attendance Check-in Successful
---------------------------------------------------
Hello Jane Doe,

Your team 'Web Wizards' has successfully checked in to the HackTrack Hackathon at 2026-07-31 10:11:04 (UTC).

Attendance Status: PRESENT

Stay tuned for evaluation round announcements.

Best regards,
HackTrack Organizing Team
===================================================

===================================================
TIMESTAMP: 2026-07-31 16:05:50.117075
TO: leader@hacktrack.com
SUBJECT: HackTrack - Attendance Check-in Successful
---------------------------------------------------
Hello Jane Doe,

Your team 'Web Wizards' has successfully checked in to the HackTrack Hackathon at 2026-07-31 10:35:50 (UTC).

Attendance Status: PRESENT

Stay tuned for evaluation round announcements.

Best regards,
HackTrack Organizing Team
===================================================

===================================================
TIMESTAMP: 2026-07-31 16:23:07.628365
TO: leader5@hacktrack.com
SUBJECT: HackTrack - Attendance Check-in Successful
---------------------------------------------------
Hello Clark Kent,

Your team 'Cloud Knights' has successfully checked in to the HackTrack Hackathon at 2026-07-31 10:53:08 (UTC).

Attendance Status: PRESENT

Stay tuned for evaluation round announcements.

Best regards,
HackTrack Organizing Team
===================================================

===================================================
TIMESTAMP: 2026-07-31 16:23:13.247204
TO: leader8@hacktrack.com
SUBJECT: HackTrack - Attendance Check-in Successful
---------------------------------------------------
Hello Barry Allen,

Your team 'Neural Ninjas' has successfully checked in to the HackTrack Hackathon at 2026-07-31 10:53:13 (UTC).

Attendance Status: PRESENT

Stay tuned for evaluation round announcements.

Best regards,
HackTrack Organizing Team
===================================================

===================================================
TIMESTAMP: 2026-07-31 16:23:19.139864
TO: leader3@hacktrack.com
SUBJECT: HackTrack - Attendance Check-in Successful
---------------------------------------------------
Hello Sarah Connor,

Your team 'AI Pioneers' has successfully checked in to the HackTrack Hackathon at 2026-07-31 10:53:19 (UTC).

Attendance Status: PRESENT

Stay tuned for evaluation round announcements.

Best regards,
HackTrack Organizing Team
===================================================

===================================================
TIMESTAMP: 2026-07-31 16:30:17.609450
TO: leader8@hacktrack.com
SUBJECT: HackTrack - Attendance Check-in Successful
---------------------------------------------------
Hello Barry Allen,

Your team 'Neural Ninjas' has successfully checked in to the HackTrack Hackathon at 2026-07-31 11:00:18 (UTC).

Attendance Status: PRESENT

Stay tuned for evaluation round announcements.

Best regards,
HackTrack Organizing Team
===================================================

===================================================
TIMESTAMP: 2026-07-31 16:30:27.234041
TO: leader5@hacktrack.com
SUBJECT: HackTrack - Attendance Check-in Successful
---------------------------------------------------
Hello Clark Kent,

Your team 'Cloud Knights' has successfully checked in to the HackTrack Hackathon at 2026-07-31 11:00:27 (UTC).

Attendance Status: PRESENT

Stay tuned for evaluation round announcements.

Best regards,
HackTrack Organizing Team
===================================================

===================================================
TIMESTAMP: 2026-07-31 16:30:35.861490
TO: leader3@hacktrack.com
SUBJECT: HackTrack - Attendance Check-in Successful
---------------------------------------------------
Hello Sarah Connor,

Your team 'AI Pioneers' has successfully checked in to the HackTrack Hackathon at 2026-07-31 11:00:36 (UTC).

Attendance Status: PRESENT

Stay tuned for evaluation round announcements.

Best regards,
HackTrack Organizing Team
===================================================

===================================================
TIMESTAMP: 2026-07-31 18:10:21.487391
TO: leader8@hacktrack.com
SUBJECT: HackTrack - Attendance Check-in Successful
---------------------------------------------------
Hello Barry Allen,

Your team 'Neural Ninjas' has successfully checked in to the HackTrack Hackathon at 2026-07-31 12:40:21 (UTC).

Attendance Status: PRESENT

Stay tuned for evaluation round announcements.

Best regards,
HackTrack Organizing Team
===================================================

===================================================
TIMESTAMP: 2026-07-31 18:10:26.230347
TO: leader5@hacktrack.com
SUBJECT: HackTrack - Attendance Check-in Successful
---------------------------------------------------
Hello Clark Kent,

Your team 'Cloud Knights' has successfully checked in to the HackTrack Hackathon at 2026-07-31 12:40:26 (UTC).

Attendance Status: PRESENT

Stay tuned for evaluation round announcements.

Best regards,
HackTrack Organizing Team
===================================================

===================================================
TIMESTAMP: 2026-07-31 18:10:32.180724
TO: leader3@hacktrack.com
SUBJECT: HackTrack - Attendance Check-in Successful
---------------------------------------------------
Hello Sarah Connor,

Your team 'AI Pioneers' has successfully checked in to the HackTrack Hackathon at 2026-07-31 12:40:32 (UTC).

Attendance Status: PRESENT

Stay tuned for evaluation round announcements.

Best regards,
HackTrack Organizing Team
===================================================

===================================================
TIMESTAMP: 2026-07-31 18:26:38.700392
TO: leader6@hacktrack.com
SUBJECT: Hackathon Certificates
---------------------------------------------------
Dear Team Leader,

Congratulations! The certificates for your team 'Data Dynamos' have been released.

Attached is a ZIP archive containing the participation certificates for all team members.

Regards,
HackTrack Organizing Committee

ATTACHMENTS:
- Data Dynamos_Certificates.zip (13123 bytes)
===================================================

===================================================
TIMESTAMP: 2026-07-31 18:28:14.246368
TO: 192472374@1
SUBJECT: Hackathon Certificates
---------------------------------------------------
Dear Team Leader,

Congratulations! The certificates for your team 'Web Wizards' have been released.

Attached is a ZIP archive containing the participation certificates for all team members.

Regards,
HackTrack Organizing Committee

ATTACHMENTS:
- Web Wizards_Certificates.zip (13114 bytes)
===================================================

===================================================
TIMESTAMP: 2026-07-31 18:49:28.612858
TO: 192472374@1
SUBJECT: Hackathon Certificates
---------------------------------------------------
Dear Team Leader,

Congratulations! The certificates for your team 'Web Wizards' have been released.

Attached is a ZIP archive containing the participation certificates for all team members.

Regards,
HackTrack Organizing Committee

ATTACHMENTS:
- Web Wizards_Certificates.zip (13087 bytes)
===================================================

===================================================
TIMESTAMP: 2026-07-31 18:49:38.001561
TO: 192472374@1
SUBJECT: Hackathon Certificates
---------------------------------------------------
Dear Team Leader,

Congratulations! The certificates for your team 'Web Wizards' have been released.

Attached is a ZIP archive containing the participation certificates for all team members.

Regards,
HackTrack Organizing Committee

ATTACHMENTS:
- Web Wizards_Certificates.zip (13087 bytes)
===================================================

===================================================
TIMESTAMP: 2026-07-31 18:52:33.803091
TO: 192472374@1
SUBJECT: Hackathon Certificates
---------------------------------------------------
Dear Team Leader,

Congratulations! The certificates for your team 'Web Wizards' have been released.

Attached is a ZIP archive containing the participation certificates for all team members.

Regards,
HackTrack Organizing Committee

ATTACHMENTS:
- Web Wizards_Certificates.zip (13114 bytes)
===================================================

===================================================
TIMESTAMP: 2026-07-31 18:59:10.479264
TO: leader6@hacktrack.com
SUBJECT: Hackathon Certificates
---------------------------------------------------
Dear Team Leader,

Congratulations! The certificates for your team 'Data Dynamos' have been released.

Attached is a ZIP archive containing the participation certificates for all team members.

Regards,
HackTrack Organizing Committee

ATTACHMENTS:
- Data Dynamos_Certificates.zip (13171 bytes)
===================================================

===================================================
TIMESTAMP: 2026-07-31 19:23:45.469496
TO: leader7@hacktrack.com
SUBJECT: Hackathon Certificates
---------------------------------------------------
Dear Team Leader,

Congratulations! The certificates for your team 'DevOps Dragons' have been released.

Attached is a ZIP archive containing the participation certificates for all team members.

Regards,
HackTrack Organizing Committee

ATTACHMENTS:
- DevOps Dragons_Certificates.zip (13048 bytes)
===================================================

===================================================
TIMESTAMP: 2026-07-31 20:11:06.967032
TO: leader4@hacktrack.com
SUBJECT: Hackathon Certificates
---------------------------------------------------
Dear Team Leader,

Congratulations! The certificates for your team 'Code Crusaders' have been released.

Attached is a ZIP archive containing the participation certificates for all team members.

Regards,
HackTrack Organizing Committee

ATTACHMENTS:
- Code Crusaders_Certificates.zip (13138 bytes)
===================================================

===================================================
TIMESTAMP: 2026-07-31 20:13:16.875527
TO: 192472374@1
SUBJECT: Hackathon Certificates - Team Web Wizards
---------------------------------------------------
Dear Team Leader Jane Doe,

Congratulations! The certificates for your team 'Web Wizards' have been generated and released.

Attached is a ZIP archive containing the participation certificates for all team members.

Regards,
HackTrack Organizing Committee

ATTACHMENTS:
- Web Wizards_Certificates.zip (13117 bytes)
===================================================

===================================================
TIMESTAMP: 2026-07-31 20:41:10.435498
TO: leader10@hacktrack.com
SUBJECT: Hackathon Certificates - Team IoT Innovators
---------------------------------------------------
Dear Team Leader,

Congratulations! The certificates for your team 'IoT Innovators' have been released.

Please find all team members' participation certificates attached in PDF format.

Regards,
HackTrack Organizing Committee

ATTACHMENTS:
- Ada Lovelace_Certificate.pdf (4611 bytes)
- Charles Babbage_Certificate.pdf (4709 bytes)
- Alan Turing_Certificate.pdf (4724 bytes)
- John von Neumann_Certificate.pdf (4694 bytes)
===================================================

===================================================
TIMESTAMP: 2026-08-06 22:23:47.801708
TO: testleader100@test.com
SUBJECT: Welcome to HackTrack - Team Registration Confirmation
---------------------------------------------------
Hello Test Leader 100,

Your team 'Test Team 100' has been registered for the HackTrack Hackathon!

Your Custom Team ID: HT2026012

You can login to the website with:
- Email: testleader100@test.com
- Password: TestTeam100@12309

Or simply scan/keep your team QR code to access your team page directly without logging in.

Best regards,
HackTrack Team
===================================================

===================================================
TIMESTAMP: 2026-08-06 22:27:57.609319
TO: jagan.kandukuri@test.com
SUBJECT: Welcome to HackTrack - Team Registration Confirmation
---------------------------------------------------
Hello Jagan Kandukuri,

Your team 'Quantum Coders' has been registered for the HackTrack Hackathon!

Your Custom Team ID: HT2026013

You can login to the website with:
- Email: jagan.kandukuri@test.com
- Password: QuantumCoders@12309

Or simply scan/keep your team QR code to access your team page directly without logging in.

Best regards,
HackTrack Team
===================================================

===================================================
TIMESTAMP: 2026-08-07 12:34:51.768763
TO: seqleader@test.com
SUBJECT: Welcome to HackTrack - Team Registration Confirmation
---------------------------------------------------
Hello Seq Leader,

Your team 'Team Sequence Test' has been registered for the HackTrack Hackathon!

Your Custom Team ID: HT2026014

You can login to the website with:
- Email: seqleader@test.com
- Password: TeamSequenceTest@12309

Or simply scan/keep your team QR code to access your team page directly without logging in.

Best regards,
HackTrack Team
===================================================

===================================================
TIMESTAMP: 2026-08-07 12:35:05.792187
TO: seqleader200@test.com
SUBJECT: Welcome to HackTrack - Team Registration Confirmation
---------------------------------------------------
Hello Seq Leader 200,

Your team 'Team Sequence Test 200' has been registered for the HackTrack Hackathon!

Your Custom Team ID: HT2026015

You can login to the website with:
- Email: seqleader200@test.com
- Password: TeamSequenceTest200@12309

Or simply scan/keep your team QR code to access your team page directly without logging in.

Best regards,
HackTrack Team
===================================================

===================================================
TIMESTAMP: 2026-08-07 12:35:29.456277
TO: seqleader300@test.com
SUBJECT: Welcome to HackTrack - Team Registration Confirmation
---------------------------------------------------
Hello Seq Leader 300,

Your team 'Team Sequence Test 300' has been registered for the HackTrack Hackathon!

Your Custom Team ID: HT2026016

You can login to the website with:
- Email: seqleader300@test.com
- Password: TeamSequenceTest300@12309

Or simply scan/keep your team QR code to access your team page directly without logging in.

Best regards,
HackTrack Team
===================================================

===================================================
TIMESTAMP: 2026-08-07 12:35:40.962794
TO: seqleader300@test.com
SUBJECT: Hackathon Certificates Released - Team Team Sequence Test 300
---------------------------------------------------
Dear Team Leader,

Congratulations! All sequential workflow steps have been completed and approved. The certificates for team 'Team Sequence Test 300' have been officially released by Admin!

Please find all team members' participation certificates attached in PDF format.

Regards,
HackTrack Organizing Committee

ATTACHMENTS:
- Seq Leader 300_Certificate.pdf (2863 bytes)
- Seq Mem 1_Certificate.pdf (2860 bytes)
===================================================

===================================================
TIMESTAMP: 2026-08-07 16:16:55.197147
TO: unapp555@test.com
SUBJECT: Welcome to HackTrack - Team Registration Confirmation
---------------------------------------------------
Hello Unapp Leader 555,

Your team 'Unapproved Test Team 555' has been registered for the HackTrack Hackathon!

Your Custom Team ID: HT2026017

You can login to the website with:
- Email: unapp555@test.com
- Password: UnapprovedTestTeam555@12309

Or simply scan/keep your team QR code to access your team page directly without logging in.

Best regards,
HackTrack Team
===================================================

===================================================
TIMESTAMP: 2026-08-07 16:17:21.366301
TO: unapp777@test.com
SUBJECT: Welcome to HackTrack - Team Registration Confirmation
---------------------------------------------------
Hello Unapp Leader 777,

Your team 'Unapproved Test Team 777' has been registered for the HackTrack Hackathon!

Your Custom Team ID: HT2026018

You can login to the website with:
- Email: unapp777@test.com
- Password: UnapprovedTestTeam777@12309

Or simply scan/keep your team QR code to access your team page directly without logging in.

Best regards,
HackTrack Team
===================================================

===================================================
TIMESTAMP: 2026-08-07 19:11:28.772981
TO: jane.doe@mit.edu
SUBJECT: Hackathon Certificates - Team Web Wizards
---------------------------------------------------
Dear Team Leader Jane Doe,

Congratulations! The certificates for your team 'Web Wizards' have been generated and released.

Please find all team members' participation certificates attached in PDF format.

Regards,
HackTrack Organizing Committee

ATTACHMENTS:
- Jane Doe_Certificate.pdf (4689 bytes)
- Alice Smith_Certificate.pdf (4692 bytes)
- Bob Jones_Certificate.pdf (4697 bytes)
- Charlie Brown_Certificate.pdf (4724 bytes)
===================================================

===================================================
TIMESTAMP: 2026-08-07 19:15:22.772877
TO: seqleader300@test.com
SUBJECT: Hackathon Certificates - Team Team Sequence Test 300
---------------------------------------------------
Dear Team Leader Seq Leader 300,

Congratulations! The certificates for your team 'Team Sequence Test 300' have been generated and released.

Please find all team members' participation certificates attached in PDF format.

Regards,
HackTrack Organizing Committee

ATTACHMENTS:
- Team_Sequence_Test_300_Seq_Leader_300.pdf (2863 bytes)
- Team_Sequence_Test_300_Seq_Mem_1.pdf (2860 bytes)
===================================================
